2026-09-02T16:57:30+02:00 [INFO] (codacy-cli-v2/cli-v2.go:27) Starting Codacy CLI version=1.0.0-main.380.sha.27e119a (27e119a) built at 2026-06-11T09:54:47Z
2026-09-02T16:57:30+02:00 [INFO] (codacy-cli-v2/cmd/root.go:34) Executing CLI command command=init full_command=[/home/akhe/.cache/codacy/codacy-cli-v2/1.0.0-main.380.sha.27e119a/codacy-cli-v2 init --provider gh --organization kainjow --repository Mustache --api-token ***] args=[]
2026/09/02 16:57:30 failed to get repository tools: request to https://app.codacy.com/api/v3/analysis/organizations/gh/kainjow/repositories/Mustache/tools failed with status 404
2026-09-03T17:12:46+02:00 [INFO] (codacy-cli-v2/cli-v2.go:27) Starting Codacy CLI version=1.0.0-main.380.sha.27e119a (27e119a) built at 2026-06-11T09:54:47Z
2026-09-03T17:12:46+02:00 [INFO] (codacy-cli-v2/cli-v2.go:55) No configuration file was found, execute init command first.
2026-09-03T21:14:04+02:00 [INFO] (codacy-cli-v2/cli-v2.go:27) Starting Codacy CLI version=1.0.0-main.380.sha.27e119a (27e119a) built at 2026-06-11T09:54:47Z
2026-09-03T21:14:04+02:00 [INFO] (codacy-cli-v2/cmd/root.go:34) Executing CLI command command=init full_command=[/home/akhe/.cache/codacy/codacy-cli-v2/1.0.0-main.380.sha.27e119a/codacy-cli-v2 init] args=[]
2026-09-03T21:14:08+02:00 [INFO] (codacy-cli-v2/cli-v2.go:27) Starting Codacy CLI version=1.0.0-main.380.sha.27e119a (27e119a) built at 2026-06-11T09:54:47Z
2026-09-03T21:14:08+02:00 [INFO] (codacy-cli-v2/cmd/root.go:34) Executing CLI command command=install full_command=[/home/akhe/.cache/codacy/codacy-cli-v2/1.0.0-main.380.sha.27e119a/codacy-cli-v2 install] args=[]
2026-09-03T21:14:08+02:00 [INFO] (codacy-cli-v2/cmd/install.go:72) All components are already installed
2026-09-03T21:14:08+02:00 [INFO] (codacy-cli-v2/cli-v2.go:27) Starting Codacy CLI version=1.0.0-main.380.sha.27e119a (27e119a) built at 2026-06-11T09:54:47Z
2026-09-03T21:14:08+02:00 [INFO] (codacy-cli-v2/cmd/root.go:34) Executing CLI command full_command=[/home/akhe/.cache/codacy/codacy-cli-v2/1.0.0-main.380.sha.27e119a/codacy-cli-v2 analyze /home/akhe/development/VSCP/vscp-mqtt-daemon/.github/workflows --format sarif] args=[/home/akhe/development/VSCP/vscp-mqtt-daemon/.github/workflows] command=analyze
2026/09/03 21:14:08 Running all configured tools...
2026/09/03 21:14:08 Running tools for the specified file(s)...
2026/09/03 21:14:08 Running lizard...
2026-09-03T21:14:08+02:00 [INFO] (codacy-cli-v2/cmd/analyze.go:360) Config file found for tool tool=lizard toolConfigPath=.codacy/tools-configs/lizard.yaml
2026/09/03 21:14:09 Running tools for the specified file(s)...
2026/09/03 21:14:09 Running opengrep...
2026-09-03T21:14:09+02:00 [INFO] (codacy-cli-v2/cmd/analyze.go:360) Config file found for tool toolConfigPath=.codacy/tools-configs/semgrep.yaml tool=opengrep
2026/09/03 21:14:35 Running tools for the specified file(s)...
2026/09/03 21:14:35 Running pmd...
2026-09-03T21:14:35+02:00 [INFO] (codacy-cli-v2/cmd/analyze.go:360) Config file found for tool tool=pmd toolConfigPath=.codacy/tools-configs/ruleset.xml
2026-09-03T21:14:35+02:00 [DEBUG] (codacy-cli-v2/tools/pmdRunner.go:32) PMD binary path pmdBinary=/home/akhe/.cache/codacy/tools/pmd@7.11.0/pmd-bin-7.11.0/bin/pmd
2026-09-03T21:14:35+02:00 [DEBUG] (codacy-cli-v2/tools/pmdRunner.go:102) Setting up Java environment javaHome=/home/akhe/.cache/codacy/runtimes/jdk-17.0.10+7
2026-09-03T21:14:35+02:00 [DEBUG] (codacy-cli-v2/tools/pmdRunner.go:148) Updated environment variables path=PATH=/home/akhe/.cache/codacy/runtimes/jdk-17.0.10+7/bin:/home/akhe/.local/bin:/home/akhe/bin:/home/akhe/.espressif/eim_gui:/home/akhe/.mcuxpressotools/gn-linux-amd64-2239:/home/akhe/.cargo/bin:/home/akhe/.local/stm32cube/bin:/home/akhe/.local/bin:”/opt/esp-open-sdk/xtensa-lx106-elf/bin/:/home/akhe/.local/bin:/home/akhe/bin:/usr/local/sbin:/usr/local/bin:/usr/sbin:/usr/bin:/sbin:/bin:/usr/games:/usr/local/games:/snap/bin:/snap/bin:/home/akhe/.dotnet/tools:/home/akhe/bin:/home/akhe/bin:/opt/eagle-6.6.0/bin:/home/akhe/android-studio/bin:/usr/share/pk2:/home/akhe/.platformio/penv/bin:/usr/local/src/xpack-arm-none-eabi-gcc-10.3.1-2.3/bin”’:/home/akhe/.local/bin:/home/akhe/bin:/usr/local/src/xpack-arm-none-eabi-gcc-10.3.1-2.3/bin binDir=/home/akhe/.cache/codacy/runtimes/jdk-17.0.10+7/bin javaBinary=/home/akhe/.cache/codacy/runtimes/jdk-17.0.10+7/bin/java javaHome=JAVA_HOME=/home/akhe/.cache/codacy/runtimes/jdk-17.0.10+7
2026-09-03T21:14:35+02:00 [DEBUG] (codacy-cli-v2/tools/pmdRunner.go:164) Running PMD command command=/home/akhe/.cache/codacy/tools/pmd@7.11.0/pmd-bin-7.11.0/bin/pmd check --no-fail-on-violation -R .codacy/tools-configs/ruleset.xml -d /home/akhe/development/VSCP/vscp-mqtt-daemon/.github/workflows -f sarif -r /tmp/codacy-analysis-2797509366/pmd.sarif
2026/09/03 21:14:43 Running tools for the specified file(s)...
2026/09/03 21:14:43 Running pylint...
2026-09-03T21:14:43+02:00 [INFO] (codacy-cli-v2/cmd/analyze.go:360) Config file found for tool tool=pylint toolConfigPath=.codacy/tools-configs/pylint.rc
2026/09/03 21:14:44 Running tools for the specified file(s)...
2026/09/03 21:14:44 Running revive...
2026-09-03T21:14:44+02:00 [INFO] (codacy-cli-v2/cmd/analyze.go:360) Config file found for tool tool=revive toolConfigPath=.codacy/tools-configs/revive.toml
2026/09/03 21:14:44 [REVIVE] Using config file: .codacy/tools-configs/revive.toml
2026-09-03T21:14:44+02:00 [DEBUG] (codacy-cli-v2/tools/revive/reviveRunner.go:53) Running Revive command command=/home/akhe/.cache/codacy/tools/revive@1.7.0/revive -config .codacy/tools-configs/revive.toml -formatter sarif /home/akhe/development/VSCP/vscp-mqtt-daemon/.github/workflows
2026/09/03 21:14:44 [REVIVE] revive completed successfully
2026/09/03 21:14:44 Running tools for the specified file(s)...
2026/09/03 21:14:44 Running trivy...
2026-09-03T21:14:44+02:00 [INFO] (codacy-cli-v2/cmd/analyze.go:360) Config file found for tool tool=trivy toolConfigPath=.codacy/tools-configs/trivy.yaml
2026/09/03 21:14:55 Running tools for the specified file(s)...
2026/09/03 21:14:55 Running dartanalyzer...
2026-09-03T21:14:55+02:00 [INFO] (codacy-cli-v2/cmd/analyze.go:360) Config file found for tool tool=dartanalyzer toolConfigPath=.codacy/tools-configs/analysis_options.yaml
2026/09/03 21:14:55 No config file found, using tool defaults
2026/09/03 21:14:56 Running tools for the specified file(s)...
2026/09/03 21:14:56 Running eslint...
2026-09-03T21:14:56+02:00 [INFO] (codacy-cli-v2/cmd/analyze.go:360) Config file found for tool tool=eslint toolConfigPath=.codacy/tools-configs/eslint.config.mjs
2026/09/03 21:14:57 Tool failed to run: failed to run ESLint: exit status 2
2026-09-03T21:15:24+02:00 [INFO] (codacy-cli-v2/cli-v2.go:27) Starting Codacy CLI version=1.0.0-main.380.sha.27e119a (27e119a) built at 2026-06-11T09:54:47Z
2026-09-03T21:15:24+02:00 [INFO] (codacy-cli-v2/cmd/root.go:34) Executing CLI command args=[/home/akhe/development/VSCP/vscp-mqtt-daemon/.github/workflows/ci-raspberry-pi.yml] command=analyze full_command=[/home/akhe/.cache/codacy/codacy-cli-v2/1.0.0-main.380.sha.27e119a/codacy-cli-v2 analyze /home/akhe/development/VSCP/vscp-mqtt-daemon/.github/workflows/ci-raspberry-pi.yml --format sarif]
2026/09/03 21:15:24 Running all configured tools...
2026/09/03 21:15:24 Skipping dartanalyzer as it doesn't support the specified file(s)
2026/09/03 21:15:24 Skipping eslint as it doesn't support the specified file(s)
2026/09/03 21:15:24 Skipping lizard as it doesn't support the specified file(s)
2026/09/03 21:15:24 Skipping pmd as it doesn't support the specified file(s)
2026/09/03 21:15:24 Skipping pylint as it doesn't support the specified file(s)
2026/09/03 21:15:24 Skipping revive as it doesn't support the specified file(s)
2026/09/03 21:15:24 Running tools for the specified file(s)...
2026/09/03 21:15:24 Running opengrep...
2026-09-03T21:15:24+02:00 [INFO] (codacy-cli-v2/cmd/analyze.go:360) Config file found for tool tool=opengrep toolConfigPath=.codacy/tools-configs/semgrep.yaml
2026/09/03 21:15:49 Running tools for the specified file(s)...
2026/09/03 21:15:49 Running trivy...
2026-09-03T21:15:49+02:00 [INFO] (codacy-cli-v2/cmd/analyze.go:360) Config file found for tool tool=trivy toolConfigPath=.codacy/tools-configs/trivy.yaml
2026-09-03T21:27:58+02:00 [INFO] (codacy-cli-v2/cli-v2.go:27) Starting Codacy CLI version=1.0.0-main.380.sha.27e119a (27e119a) built at 2026-06-11T09:54:47Z
2026-09-03T21:27:58+02:00 [INFO] (codacy-cli-v2/cmd/root.go:34) Executing CLI command full_command=[/home/akhe/.cache/codacy/codacy-cli-v2/1.0.0-main.380.sha.27e119a/codacy-cli-v2 analyze /home/akhe/development/VSCP/vscp-mqtt-daemon/.github/workflows/ci-codacy.yml --format sarif] args=[/home/akhe/development/VSCP/vscp-mqtt-daemon/.github/workflows/ci-codacy.yml] command=analyze
2026/09/03 21:27:58 Running all configured tools...
2026/09/03 21:27:58 Skipping dartanalyzer as it doesn't support the specified file(s)
2026/09/03 21:27:58 Skipping eslint as it doesn't support the specified file(s)
2026/09/03 21:27:58 Skipping lizard as it doesn't support the specified file(s)
2026/09/03 21:27:58 Skipping pmd as it doesn't support the specified file(s)
2026/09/03 21:27:58 Skipping pylint as it doesn't support the specified file(s)
2026/09/03 21:27:58 Skipping revive as it doesn't support the specified file(s)
2026/09/03 21:27:58 Running tools for the specified file(s)...
2026/09/03 21:27:58 Running opengrep...
2026-09-03T21:27:58+02:00 [INFO] (codacy-cli-v2/cmd/analyze.go:360) Config file found for tool tool=opengrep toolConfigPath=.codacy/tools-configs/semgrep.yaml
2026/09/03 21:28:26 Running tools for the specified file(s)...
2026/09/03 21:28:26 Running trivy...
2026-09-03T21:28:26+02:00 [INFO] (codacy-cli-v2/cmd/analyze.go:360) Config file found for tool tool=trivy toolConfigPath=.codacy/tools-configs/trivy.yaml
2026-09-03T21:39:06+02:00 [INFO] (codacy-cli-v2/cli-v2.go:27) Starting Codacy CLI version=1.0.0-main.380.sha.27e119a (27e119a) built at 2026-06-11T09:54:47Z
2026-09-03T21:39:06+02:00 [INFO] (codacy-cli-v2/cmd/root.go:34) Executing CLI command full_command=[/home/akhe/.cache/codacy/codacy-cli-v2/1.0.0-main.380.sha.27e119a/codacy-cli-v2 analyze /home/akhe/development/VSCP/vscp-mqtt-daemon/CMakeLists.txt --format sarif] args=[/home/akhe/development/VSCP/vscp-mqtt-daemon/CMakeLists.txt] command=analyze
2026/09/03 21:39:06 Running all configured tools...
2026/09/03 21:39:06 Skipping eslint as it doesn't support the specified file(s)
2026/09/03 21:39:06 Skipping lizard as it doesn't support the specified file(s)
2026/09/03 21:39:06 Skipping opengrep as it doesn't support the specified file(s)
2026/09/03 21:39:06 Skipping pmd as it doesn't support the specified file(s)
2026/09/03 21:39:06 Skipping pylint as it doesn't support the specified file(s)
2026/09/03 21:39:06 Skipping revive as it doesn't support the specified file(s)
2026/09/03 21:39:06 Skipping trivy as it doesn't support the specified file(s)
2026/09/03 21:39:06 Skipping dartanalyzer as it doesn't support the specified file(s)
2026/09/03 21:39:06 No tools support the specified file(s). Skipping analysis.
2026-09-03T21:49:14+02:00 [INFO] (codacy-cli-v2/cli-v2.go:27) Starting Codacy CLI version=1.0.0-main.380.sha.27e119a (27e119a) built at 2026-06-11T09:54:47Z
2026-09-03T21:49:14+02:00 [INFO] (codacy-cli-v2/cmd/root.go:34) Executing CLI command command=analyze full_command=[/home/akhe/.cache/codacy/codacy-cli-v2/1.0.0-main.380.sha.27e119a/codacy-cli-v2 analyze /home/akhe/development/VSCP/vscp-mqtt-daemon/.github/workflows --format sarif] args=[/home/akhe/development/VSCP/vscp-mqtt-daemon/.github/workflows]
2026/09/03 21:49:14 Running all configured tools...
2026/09/03 21:49:14 Running tools for the specified file(s)...
2026/09/03 21:49:14 Running pylint...
2026-09-03T21:49:14+02:00 [INFO] (codacy-cli-v2/cmd/analyze.go:360) Config file found for tool tool=pylint toolConfigPath=.codacy/tools-configs/pylint.rc
2026/09/03 21:49:15 Running tools for the specified file(s)...
2026/09/03 21:49:15 Running revive...
2026-09-03T21:49:15+02:00 [INFO] (codacy-cli-v2/cmd/analyze.go:360) Config file found for tool toolConfigPath=.codacy/tools-configs/revive.toml tool=revive
2026/09/03 21:49:15 [REVIVE] Using config file: .codacy/tools-configs/revive.toml
2026-09-03T21:49:15+02:00 [DEBUG] (codacy-cli-v2/tools/revive/reviveRunner.go:53) Running Revive command command=/home/akhe/.cache/codacy/tools/revive@1.7.0/revive -config .codacy/tools-configs/revive.toml -formatter sarif /home/akhe/development/VSCP/vscp-mqtt-daemon/.github/workflows
2026/09/03 21:49:15 [REVIVE] revive completed successfully
2026/09/03 21:49:15 Running tools for the specified file(s)...
2026/09/03 21:49:15 Running trivy...
2026-09-03T21:49:15+02:00 [INFO] (codacy-cli-v2/cmd/analyze.go:360) Config file found for tool tool=trivy toolConfigPath=.codacy/tools-configs/trivy.yaml
2026/09/03 21:49:15 Running tools for the specified file(s)...
2026/09/03 21:49:15 Running dartanalyzer...
2026-09-03T21:49:15+02:00 [INFO] (codacy-cli-v2/cmd/analyze.go:360) Config file found for tool tool=dartanalyzer toolConfigPath=.codacy/tools-configs/analysis_options.yaml
2026/09/03 21:49:15 No config file found, using tool defaults
2026/09/03 21:49:16 Running tools for the specified file(s)...
2026/09/03 21:49:16 Running eslint...
2026-09-03T21:49:16+02:00 [INFO] (codacy-cli-v2/cmd/analyze.go:360) Config file found for tool tool=eslint toolConfigPath=.codacy/tools-configs/eslint.config.mjs
2026/09/03 21:49:16 Tool failed to run: failed to run ESLint: exit status 2
2026/09/03 21:49:16 Running tools for the specified file(s)...
2026/09/03 21:49:16 Running lizard...
2026-09-03T21:49:16+02:00 [INFO] (codacy-cli-v2/cmd/analyze.go:360) Config file found for tool toolConfigPath=.codacy/tools-configs/lizard.yaml tool=lizard
2026/09/03 21:49:16 Running tools for the specified file(s)...
2026/09/03 21:49:16 Running opengrep...
2026-09-03T21:49:16+02:00 [INFO] (codacy-cli-v2/cmd/analyze.go:360) Config file found for tool tool=opengrep toolConfigPath=.codacy/tools-configs/semgrep.yaml
2026/09/03 21:49:41 Running tools for the specified file(s)...
2026/09/03 21:49:41 Running pmd...
2026-09-03T21:49:41+02:00 [INFO] (codacy-cli-v2/cmd/analyze.go:360) Config file found for tool toolConfigPath=.codacy/tools-configs/ruleset.xml tool=pmd
2026-09-03T21:49:41+02:00 [DEBUG] (codacy-cli-v2/tools/pmdRunner.go:32) PMD binary path pmdBinary=/home/akhe/.cache/codacy/tools/pmd@7.11.0/pmd-bin-7.11.0/bin/pmd
2026-09-03T21:49:41+02:00 [DEBUG] (codacy-cli-v2/tools/pmdRunner.go:102) Setting up Java environment javaHome=/home/akhe/.cache/codacy/runtimes/jdk-17.0.10+7
2026-09-03T21:49:41+02:00 [DEBUG] (codacy-cli-v2/tools/pmdRunner.go:148) Updated environment variables binDir=/home/akhe/.cache/codacy/runtimes/jdk-17.0.10+7/bin javaBinary=/home/akhe/.cache/codacy/runtimes/jdk-17.0.10+7/bin/java javaHome=JAVA_HOME=/home/akhe/.cache/codacy/runtimes/jdk-17.0.10+7 path=PATH=/home/akhe/.cache/codacy/runtimes/jdk-17.0.10+7/bin:/home/akhe/.local/bin:/home/akhe/bin:/home/akhe/.espressif/eim_gui:/home/akhe/.mcuxpressotools/gn-linux-amd64-2239:/home/akhe/.cargo/bin:/home/akhe/.local/stm32cube/bin:/home/akhe/.local/bin:”/opt/esp-open-sdk/xtensa-lx106-elf/bin/:/home/akhe/.local/bin:/home/akhe/bin:/usr/local/sbin:/usr/local/bin:/usr/sbin:/usr/bin:/sbin:/bin:/usr/games:/usr/local/games:/snap/bin:/snap/bin:/home/akhe/.dotnet/tools:/home/akhe/bin:/home/akhe/bin:/opt/eagle-6.6.0/bin:/home/akhe/android-studio/bin:/usr/share/pk2:/home/akhe/.platformio/penv/bin:/usr/local/src/xpack-arm-none-eabi-gcc-10.3.1-2.3/bin”’:/home/akhe/.local/bin:/home/akhe/bin:/usr/local/src/xpack-arm-none-eabi-gcc-10.3.1-2.3/bin
2026-09-03T21:49:41+02:00 [DEBUG] (codacy-cli-v2/tools/pmdRunner.go:164) Running PMD command command=/home/akhe/.cache/codacy/tools/pmd@7.11.0/pmd-bin-7.11.0/bin/pmd check --no-fail-on-violation -R .codacy/tools-configs/ruleset.xml -d /home/akhe/development/VSCP/vscp-mqtt-daemon/.github/workflows -f sarif -r /tmp/codacy-analysis-4226633811/pmd.sarif
2026-09-03T21:49:56+02:00 [INFO] (codacy-cli-v2/cli-v2.go:27) Starting Codacy CLI version=1.0.0-main.380.sha.27e119a (27e119a) built at 2026-06-11T09:54:47Z
2026-09-03T21:49:56+02:00 [INFO] (codacy-cli-v2/cmd/root.go:34) Executing CLI command full_command=[/home/akhe/.cache/codacy/codacy-cli-v2/1.0.0-main.380.sha.27e119a/codacy-cli-v2 analyze /home/akhe/development/VSCP/vscp-mqtt-daemon/scripts/update-version.sh --format sarif] args=[/home/akhe/development/VSCP/vscp-mqtt-daemon/scripts/update-version.sh] command=analyze
2026/09/03 21:49:56 Running all configured tools...
2026/09/03 21:49:56 Skipping lizard as it doesn't support the specified file(s)
2026/09/03 21:49:56 Skipping pmd as it doesn't support the specified file(s)
2026/09/03 21:49:56 Skipping pylint as it doesn't support the specified file(s)
2026/09/03 21:49:56 Skipping revive as it doesn't support the specified file(s)
2026/09/03 21:49:56 Skipping trivy as it doesn't support the specified file(s)
2026/09/03 21:49:56 Skipping dartanalyzer as it doesn't support the specified file(s)
2026/09/03 21:49:56 Skipping eslint as it doesn't support the specified file(s)
2026/09/03 21:49:56 Running tools for the specified file(s)...
2026/09/03 21:49:56 Running opengrep...
2026-09-03T21:49:56+02:00 [INFO] (codacy-cli-v2/cmd/analyze.go:360) Config file found for tool tool=opengrep toolConfigPath=.codacy/tools-configs/semgrep.yaml
2026-09-03T22:06:33+02:00 [INFO] (codacy-cli-v2/cli-v2.go:27) Starting Codacy CLI version=1.0.0-main.380.sha.27e119a (27e119a) built at 2026-06-11T09:54:47Z
2026-09-03T22:06:33+02:00 [INFO] (codacy-cli-v2/cmd/root.go:34) Executing CLI command command=analyze full_command=[/home/akhe/.cache/codacy/codacy-cli-v2/1.0.0-main.380.sha.27e119a/codacy-cli-v2 analyze /home/akhe/development/VSCP/vscp-mqtt-daemon/src/devicethread.cpp --format sarif] args=[/home/akhe/development/VSCP/vscp-mqtt-daemon/src/devicethread.cpp]
2026/09/03 22:06:33 Running all configured tools...
2026/09/03 22:06:33 Skipping dartanalyzer as it doesn't support the specified file(s)
2026/09/03 22:06:33 Skipping eslint as it doesn't support the specified file(s)
2026/09/03 22:06:33 Skipping pmd as it doesn't support the specified file(s)
2026/09/03 22:06:33 Skipping pylint as it doesn't support the specified file(s)
2026/09/03 22:06:33 Skipping revive as it doesn't support the specified file(s)
2026/09/03 22:06:33 Running tools for the specified file(s)...
2026/09/03 22:06:33 Running trivy...
2026-09-03T22:06:33+02:00 [INFO] (codacy-cli-v2/cmd/analyze.go:360) Config file found for tool tool=trivy toolConfigPath=.codacy/tools-configs/trivy.yaml
2026/09/03 22:06:34 Running tools for the specified file(s)...
2026/09/03 22:06:34 Running lizard...
2026-09-03T22:06:34+02:00 [INFO] (codacy-cli-v2/cmd/analyze.go:360) Config file found for tool tool=lizard toolConfigPath=.codacy/tools-configs/lizard.yaml
2026/09/03 22:06:34 Running tools for the specified file(s)...
2026/09/03 22:06:34 Running opengrep...
2026-09-03T22:06:34+02:00 [INFO] (codacy-cli-v2/cmd/analyze.go:360) Config file found for tool tool=opengrep toolConfigPath=.codacy/tools-configs/semgrep.yaml
2026-09-03T22:11:29+02:00 [INFO] (codacy-cli-v2/cli-v2.go:27) Starting Codacy CLI version=1.0.0-main.380.sha.27e119a (27e119a) built at 2026-06-11T09:54:47Z
2026-09-03T22:11:29+02:00 [INFO] (codacy-cli-v2/cmd/root.go:34) Executing CLI command full_command=[/home/akhe/.cache/codacy/codacy-cli-v2/1.0.0-main.380.sha.27e119a/codacy-cli-v2 analyze /home/akhe/development/VSCP/vscp-mqtt-daemon/src/controlobject.cpp --format sarif] args=[/home/akhe/development/VSCP/vscp-mqtt-daemon/src/controlobject.cpp] command=analyze
2026/09/03 22:11:29 Running all configured tools...
2026/09/03 22:11:29 Skipping eslint as it doesn't support the specified file(s)
2026/09/03 22:11:29 Skipping pmd as it doesn't support the specified file(s)
2026/09/03 22:11:29 Skipping pylint as it doesn't support the specified file(s)
2026/09/03 22:11:29 Skipping revive as it doesn't support the specified file(s)
2026/09/03 22:11:29 Skipping dartanalyzer as it doesn't support the specified file(s)
2026/09/03 22:11:29 Running tools for the specified file(s)...
2026/09/03 22:11:29 Running lizard...
2026-09-03T22:11:29+02:00 [INFO] (codacy-cli-v2/cmd/analyze.go:360) Config file found for tool tool=lizard toolConfigPath=.codacy/tools-configs/lizard.yaml
2026/09/03 22:11:30 Running tools for the specified file(s)...
2026/09/03 22:11:30 Running opengrep...
2026-09-03T22:11:30+02:00 [INFO] (codacy-cli-v2/cmd/analyze.go:360) Config file found for tool toolConfigPath=.codacy/tools-configs/semgrep.yaml tool=opengrep
2026/09/03 22:11:59 Running tools for the specified file(s)...
2026/09/03 22:11:59 Running trivy...
2026-09-03T22:11:59+02:00 [INFO] (codacy-cli-v2/cmd/analyze.go:360) Config file found for tool toolConfigPath=.codacy/tools-configs/trivy.yaml tool=trivy
2026-09-03T22:15:48+02:00 [INFO] (codacy-cli-v2/cli-v2.go:27) Starting Codacy CLI version=1.0.0-main.380.sha.27e119a (27e119a) built at 2026-06-11T09:54:47Z
2026-09-03T22:15:48+02:00 [INFO] (codacy-cli-v2/cmd/root.go:34) Executing CLI command full_command=[/home/akhe/.cache/codacy/codacy-cli-v2/1.0.0-main.380.sha.27e119a/codacy-cli-v2 analyze /home/akhe/development/VSCP/vscp-mqtt-daemon/src --format sarif] args=[/home/akhe/development/VSCP/vscp-mqtt-daemon/src] command=analyze
2026/09/03 22:15:48 Running all configured tools...
2026/09/03 22:15:48 Running tools for the specified file(s)...
2026/09/03 22:15:48 Running dartanalyzer...
2026-09-03T22:15:48+02:00 [INFO] (codacy-cli-v2/cmd/analyze.go:360) Config file found for tool tool=dartanalyzer toolConfigPath=.codacy/tools-configs/analysis_options.yaml
2026/09/03 22:15:48 No config file found, using tool defaults
2026/09/03 22:15:49 Running tools for the specified file(s)...
2026/09/03 22:15:49 Running eslint...
2026-09-03T22:15:49+02:00 [INFO] (codacy-cli-v2/cmd/analyze.go:360) Config file found for tool toolConfigPath=.codacy/tools-configs/eslint.config.mjs tool=eslint
2026/09/03 22:15:49 Tool failed to run: failed to run ESLint: exit status 2
2026/09/03 22:15:49 Running tools for the specified file(s)...
2026/09/03 22:15:49 Running lizard...
2026-09-03T22:15:49+02:00 [INFO] (codacy-cli-v2/cmd/analyze.go:360) Config file found for tool toolConfigPath=.codacy/tools-configs/lizard.yaml tool=lizard
2026/09/03 22:15:50 Running tools for the specified file(s)...
2026/09/03 22:15:50 Running opengrep...
2026-09-03T22:15:50+02:00 [INFO] (codacy-cli-v2/cmd/analyze.go:360) Config file found for tool tool=opengrep toolConfigPath=.codacy/tools-configs/semgrep.yaml
2026/09/03 22:16:17 Running tools for the specified file(s)...
2026/09/03 22:16:17 Running pmd...
2026-09-03T22:16:17+02:00 [INFO] (codacy-cli-v2/cmd/analyze.go:360) Config file found for tool tool=pmd toolConfigPath=.codacy/tools-configs/ruleset.xml
2026-09-03T22:16:17+02:00 [DEBUG] (codacy-cli-v2/tools/pmdRunner.go:32) PMD binary path pmdBinary=/home/akhe/.cache/codacy/tools/pmd@7.11.0/pmd-bin-7.11.0/bin/pmd
2026-09-03T22:16:17+02:00 [DEBUG] (codacy-cli-v2/tools/pmdRunner.go:102) Setting up Java environment javaHome=/home/akhe/.cache/codacy/runtimes/jdk-17.0.10+7
2026-09-03T22:16:17+02:00 [DEBUG] (codacy-cli-v2/tools/pmdRunner.go:148) Updated environment variables path=PATH=/home/akhe/.cache/codacy/runtimes/jdk-17.0.10+7/bin:/home/akhe/.local/bin:/home/akhe/bin:/home/akhe/.espressif/eim_gui:/home/akhe/.mcuxpressotools/gn-linux-amd64-2239:/home/akhe/.cargo/bin:/home/akhe/.local/stm32cube/bin:/home/akhe/.local/bin:”/opt/esp-open-sdk/xtensa-lx106-elf/bin/:/home/akhe/.local/bin:/home/akhe/bin:/usr/local/sbin:/usr/local/bin:/usr/sbin:/usr/bin:/sbin:/bin:/usr/games:/usr/local/games:/snap/bin:/snap/bin:/home/akhe/.dotnet/tools:/home/akhe/bin:/home/akhe/bin:/opt/eagle-6.6.0/bin:/home/akhe/android-studio/bin:/usr/share/pk2:/home/akhe/.platformio/penv/bin:/usr/local/src/xpack-arm-none-eabi-gcc-10.3.1-2.3/bin”’:/home/akhe/.local/bin:/home/akhe/bin:/usr/local/src/xpack-arm-none-eabi-gcc-10.3.1-2.3/bin binDir=/home/akhe/.cache/codacy/runtimes/jdk-17.0.10+7/bin javaBinary=/home/akhe/.cache/codacy/runtimes/jdk-17.0.10+7/bin/java javaHome=JAVA_HOME=/home/akhe/.cache/codacy/runtimes/jdk-17.0.10+7
2026-09-03T22:16:17+02:00 [DEBUG] (codacy-cli-v2/tools/pmdRunner.go:164) Running PMD command command=/home/akhe/.cache/codacy/tools/pmd@7.11.0/pmd-bin-7.11.0/bin/pmd check --no-fail-on-violation -R .codacy/tools-configs/ruleset.xml -d /home/akhe/development/VSCP/vscp-mqtt-daemon/src -f sarif -r /tmp/codacy-analysis-1400248077/pmd.sarif
2026/09/03 22:16:26 Running tools for the specified file(s)...
2026/09/03 22:16:26 Running pylint...
2026-09-03T22:16:26+02:00 [INFO] (codacy-cli-v2/cmd/analyze.go:360) Config file found for tool tool=pylint toolConfigPath=.codacy/tools-configs/pylint.rc
2026/09/03 22:16:27 Running tools for the specified file(s)...
2026/09/03 22:16:27 Running revive...
2026-09-03T22:16:27+02:00 [INFO] (codacy-cli-v2/cmd/analyze.go:360) Config file found for tool tool=revive toolConfigPath=.codacy/tools-configs/revive.toml
2026/09/03 22:16:27 [REVIVE] Using config file: .codacy/tools-configs/revive.toml
2026-09-03T22:16:27+02:00 [DEBUG] (codacy-cli-v2/tools/revive/reviveRunner.go:53) Running Revive command command=/home/akhe/.cache/codacy/tools/revive@1.7.0/revive -config .codacy/tools-configs/revive.toml -formatter sarif /home/akhe/development/VSCP/vscp-mqtt-daemon/src
2026/09/03 22:16:27 [REVIVE] revive completed successfully
2026/09/03 22:16:27 Running tools for the specified file(s)...
2026/09/03 22:16:27 Running trivy...
2026-09-03T22:16:27+02:00 [INFO] (codacy-cli-v2/cmd/analyze.go:360) Config file found for tool tool=trivy toolConfigPath=.codacy/tools-configs/trivy.yaml
2026-09-04T08:18:14+02:00 [INFO] (codacy-cli-v2/cli-v2.go:27) Starting Codacy CLI version=1.0.0-main.380.sha.27e119a (27e119a) built at 2026-06-11T09:54:47Z
2026-09-04T08:18:14+02:00 [INFO] (codacy-cli-v2/cmd/root.go:34) Executing CLI command command=analyze full_command=[/home/akhe/.cache/codacy/codacy-cli-v2/1.0.0-main.380.sha.27e119a/codacy-cli-v2 analyze src/controlobject.cpp --format sarif] args=[src/controlobject.cpp]
2026/09/04 08:18:14 Running all configured tools...
2026/09/04 08:18:14 Skipping dartanalyzer as it doesn't support the specified file(s)
2026/09/04 08:18:14 Skipping eslint as it doesn't support the specified file(s)
2026/09/04 08:18:14 Skipping pmd as it doesn't support the specified file(s)
2026/09/04 08:18:14 Skipping pylint as it doesn't support the specified file(s)
2026/09/04 08:18:14 Skipping revive as it doesn't support the specified file(s)
2026/09/04 08:18:14 Running tools for the specified file(s)...
2026/09/04 08:18:14 Running trivy...
2026-09-04T08:18:14+02:00 [INFO] (codacy-cli-v2/cmd/analyze.go:360) Config file found for tool tool=trivy toolConfigPath=.codacy/tools-configs/trivy.yaml
2026/09/04 08:18:15 Running tools for the specified file(s)...
2026/09/04 08:18:15 Running lizard...
2026-09-04T08:18:15+02:00 [INFO] (codacy-cli-v2/cmd/analyze.go:360) Config file found for tool tool=lizard toolConfigPath=.codacy/tools-configs/lizard.yaml
2026/09/04 08:18:16 Running tools for the specified file(s)...
2026/09/04 08:18:16 Running opengrep...
2026-09-04T08:18:16+02:00 [INFO] (codacy-cli-v2/cmd/analyze.go:360) Config file found for tool tool=opengrep toolConfigPath=.codacy/tools-configs/semgrep.yaml
2026-09-04T08:18:45+02:00 [INFO] (codacy-cli-v2/cli-v2.go:27) Starting Codacy CLI version=1.0.0-main.380.sha.27e119a (27e119a) built at 2026-06-11T09:54:47Z
2026-09-04T08:18:45+02:00 [INFO] (codacy-cli-v2/cmd/root.go:34) Executing CLI command full_command=[/home/akhe/.cache/codacy/codacy-cli-v2/1.0.0-main.380.sha.27e119a/codacy-cli-v2 analyze src/devicethread.cpp --format sarif] args=[src/devicethread.cpp] command=analyze
2026/09/04 08:18:45 Running all configured tools...
2026/09/04 08:18:45 Skipping pmd as it doesn't support the specified file(s)
2026/09/04 08:18:45 Skipping pylint as it doesn't support the specified file(s)
2026/09/04 08:18:45 Skipping revive as it doesn't support the specified file(s)
2026/09/04 08:18:45 Skipping dartanalyzer as it doesn't support the specified file(s)
2026/09/04 08:18:45 Skipping eslint as it doesn't support the specified file(s)
2026/09/04 08:18:45 Running tools for the specified file(s)...
2026/09/04 08:18:45 Running trivy...
2026-09-04T08:18:45+02:00 [INFO] (codacy-cli-v2/cmd/analyze.go:360) Config file found for tool toolConfigPath=.codacy/tools-configs/trivy.yaml tool=trivy
2026/09/04 08:18:45 Running tools for the specified file(s)...
2026/09/04 08:18:45 Running lizard...
2026-09-04T08:18:45+02:00 [INFO] (codacy-cli-v2/cmd/analyze.go:360) Config file found for tool tool=lizard toolConfigPath=.codacy/tools-configs/lizard.yaml
2026/09/04 08:18:45 Running tools for the specified file(s)...
2026/09/04 08:18:45 Running opengrep...
2026-09-04T08:18:45+02:00 [INFO] (codacy-cli-v2/cmd/analyze.go:360) Config file found for tool tool=opengrep toolConfigPath=.codacy/tools-configs/semgrep.yaml
2026-09-04T08:19:13+02:00 [INFO] (codacy-cli-v2/cli-v2.go:27) Starting Codacy CLI version=1.0.0-main.380.sha.27e119a (27e119a) built at 2026-06-11T09:54:47Z
2026-09-04T08:19:13+02:00 [INFO] (codacy-cli-v2/cmd/root.go:34) Executing CLI command command=analyze full_command=[/home/akhe/.cache/codacy/codacy-cli-v2/1.0.0-main.380.sha.27e119a/codacy-cli-v2 analyze src/devicelist.cpp --format sarif] args=[src/devicelist.cpp]
2026/09/04 08:19:13 Running all configured tools...
2026/09/04 08:19:13 Skipping revive as it doesn't support the specified file(s)
2026/09/04 08:19:13 Skipping dartanalyzer as it doesn't support the specified file(s)
2026/09/04 08:19:13 Skipping eslint as it doesn't support the specified file(s)
2026/09/04 08:19:13 Skipping pmd as it doesn't support the specified file(s)
2026/09/04 08:19:13 Skipping pylint as it doesn't support the specified file(s)
2026/09/04 08:19:13 Running tools for the specified file(s)...
2026/09/04 08:19:13 Running trivy...
2026-09-04T08:19:13+02:00 [INFO] (codacy-cli-v2/cmd/analyze.go:360) Config file found for tool tool=trivy toolConfigPath=.codacy/tools-configs/trivy.yaml
2026/09/04 08:19:13 Running tools for the specified file(s)...
2026/09/04 08:19:13 Running lizard...
2026-09-04T08:19:13+02:00 [INFO] (codacy-cli-v2/cmd/analyze.go:360) Config file found for tool toolConfigPath=.codacy/tools-configs/lizard.yaml tool=lizard
2026/09/04 08:19:14 Running tools for the specified file(s)...
2026/09/04 08:19:14 Running opengrep...
2026-09-04T08:19:14+02:00 [INFO] (codacy-cli-v2/cmd/analyze.go:360) Config file found for tool tool=opengrep toolConfigPath=.codacy/tools-configs/semgrep.yaml
2026-09-04T08:19:41+02:00 [INFO] (codacy-cli-v2/cli-v2.go:27) Starting Codacy CLI version=1.0.0-main.380.sha.27e119a (27e119a) built at 2026-06-11T09:54:47Z
2026-09-04T08:19:41+02:00 [INFO] (codacy-cli-v2/cmd/root.go:34) Executing CLI command full_command=[/home/akhe/.cache/codacy/codacy-cli-v2/1.0.0-main.380.sha.27e119a/codacy-cli-v2 analyze src/controlobject.h --format sarif] args=[src/controlobject.h] command=analyze
2026/09/04 08:19:41 Running all configured tools...
2026/09/04 08:19:41 Skipping dartanalyzer as it doesn't support the specified file(s)
2026/09/04 08:19:41 Skipping eslint as it doesn't support the specified file(s)
2026/09/04 08:19:41 Skipping pmd as it doesn't support the specified file(s)
2026/09/04 08:19:41 Skipping pylint as it doesn't support the specified file(s)
2026/09/04 08:19:41 Skipping revive as it doesn't support the specified file(s)
2026/09/04 08:19:41 Running tools for the specified file(s)...
2026/09/04 08:19:41 Running lizard...
2026-09-04T08:19:41+02:00 [INFO] (codacy-cli-v2/cmd/analyze.go:360) Config file found for tool tool=lizard toolConfigPath=.codacy/tools-configs/lizard.yaml
2026/09/04 08:19:42 Running tools for the specified file(s)...
2026/09/04 08:19:42 Running opengrep...
2026-09-04T08:19:42+02:00 [INFO] (codacy-cli-v2/cmd/analyze.go:360) Config file found for tool toolConfigPath=.codacy/tools-configs/semgrep.yaml tool=opengrep
2026/09/04 08:20:03 Running tools for the specified file(s)...
2026/09/04 08:20:03 Running trivy...
2026-09-04T08:20:03+02:00 [INFO] (codacy-cli-v2/cmd/analyze.go:360) Config file found for tool tool=trivy toolConfigPath=.codacy/tools-configs/trivy.yaml
2026-09-04T08:20:09+02:00 [INFO] (codacy-cli-v2/cli-v2.go:27) Starting Codacy CLI version=1.0.0-main.380.sha.27e119a (27e119a) built at 2026-06-11T09:54:47Z
2026-09-04T08:20:09+02:00 [INFO] (codacy-cli-v2/cmd/root.go:34) Executing CLI command args=[src/devicelist.h] command=analyze full_command=[/home/akhe/.cache/codacy/codacy-cli-v2/1.0.0-main.380.sha.27e119a/codacy-cli-v2 analyze src/devicelist.h --format sarif]
2026/09/04 08:20:09 Running all configured tools...
2026/09/04 08:20:09 Skipping pmd as it doesn't support the specified file(s)
2026/09/04 08:20:09 Skipping pylint as it doesn't support the specified file(s)
2026/09/04 08:20:09 Skipping revive as it doesn't support the specified file(s)
2026/09/04 08:20:09 Skipping dartanalyzer as it doesn't support the specified file(s)
2026/09/04 08:20:09 Skipping eslint as it doesn't support the specified file(s)
2026/09/04 08:20:09 Running tools for the specified file(s)...
2026/09/04 08:20:09 Running lizard...
2026-09-04T08:20:09+02:00 [INFO] (codacy-cli-v2/cmd/analyze.go:360) Config file found for tool tool=lizard toolConfigPath=.codacy/tools-configs/lizard.yaml
2026/09/04 08:20:09 Running tools for the specified file(s)...
2026/09/04 08:20:09 Running opengrep...
2026-09-04T08:20:09+02:00 [INFO] (codacy-cli-v2/cmd/analyze.go:360) Config file found for tool toolConfigPath=.codacy/tools-configs/semgrep.yaml tool=opengrep
2026/09/04 08:20:30 Running tools for the specified file(s)...
2026/09/04 08:20:30 Running trivy...
2026-09-04T08:20:30+02:00 [INFO] (codacy-cli-v2/cmd/analyze.go:360) Config file found for tool toolConfigPath=.codacy/tools-configs/trivy.yaml tool=trivy
