+ umask 022
+ cd /home/runner/work/vscp-mqtt-daemon/vscp-mqtt-daemon/_CPack_Packages/Linux/RPM/BUILD
+ mv /home/runner/work/vscp-mqtt-daemon/vscp-mqtt-daemon/_CPack_Packages/Linux/RPM/mqttvscpd-26.09.47.12-Linux-x64 /home/runner/work/vscp-mqtt-daemon/vscp-mqtt-daemon/_CPack_Packages/Linux/RPM/tmpBBroot
+ RPM_EC=0
+ jobs -p
+ exit 0
+ umask 022
+ cd /home/runner/work/vscp-mqtt-daemon/vscp-mqtt-daemon/_CPack_Packages/Linux/RPM/BUILD
+ /bin/rm -rf /home/runner/work/vscp-mqtt-daemon/vscp-mqtt-daemon/_CPack_Packages/Linux/RPM/mqttvscpd-26.09.47.12-Linux-x64
+ /bin/mkdir -p /home/runner/work/vscp-mqtt-daemon/vscp-mqtt-daemon/_CPack_Packages/Linux/RPM
+ /bin/mkdir /home/runner/work/vscp-mqtt-daemon/vscp-mqtt-daemon/_CPack_Packages/Linux/RPM/mqttvscpd-26.09.47.12-Linux-x64
+ [ -e /home/runner/work/vscp-mqtt-daemon/vscp-mqtt-daemon/_CPack_Packages/Linux/RPM/mqttvscpd-26.09.47.12-Linux-x64 ]
+ rm -rf /home/runner/work/vscp-mqtt-daemon/vscp-mqtt-daemon/_CPack_Packages/Linux/RPM/mqttvscpd-26.09.47.12-Linux-x64
+ mv /home/runner/work/vscp-mqtt-daemon/vscp-mqtt-daemon/_CPack_Packages/Linux/RPM/tmpBBroot /home/runner/work/vscp-mqtt-daemon/vscp-mqtt-daemon/_CPack_Packages/Linux/RPM/mqttvscpd-26.09.47.12-Linux-x64
+ /usr/lib/rpm/brp-compress /usr
+ /usr/lib/rpm/brp-elfperms
+ /usr/lib/rpm/brp-strip /usr/bin/strip
+ /usr/lib/rpm/brp-strip-static-archive /usr/bin/strip
+ /usr/lib/rpm/brp-strip-comment-note /usr/bin/strip /usr/bin/objdump
+ /usr/lib/rpm/brp-remove-la-files
warning: File listed twice: /etc/vscp/certs
warning: File listed twice: /etc/vscp/certs/README.md
warning: File listed twice: /etc/vscp/certs/client.crt
warning: File listed twice: /etc/vscp/certs/client.csr
warning: File listed twice: /etc/vscp/certs/client.key
warning: File listed twice: /etc/vscp/certs/client.pem
warning: File listed twice: /etc/vscp/certs/client.pfx
warning: File listed twice: /etc/vscp/certs/make_certs.bat
warning: File listed twice: /etc/vscp/certs/make_certs.sh
warning: File listed twice: /etc/vscp/certs/server.crt
warning: File listed twice: /etc/vscp/certs/server.csr
warning: File listed twice: /etc/vscp/certs/server.key
warning: File listed twice: /etc/vscp/certs/server.pem
warning: File listed twice: /etc/vscp/certs/server.pin
warning: File listed twice: /etc/vscp/certs/server_bkup.crt
warning: File listed twice: /etc/vscp/certs/server_bkup.csr
warning: File listed twice: /etc/vscp/certs/server_bkup.key
warning: File listed twice: /etc/vscp/certs/server_bkup.pem
warning: File listed twice: /etc/vscp/certs/server_bkup.pin
warning: File listed twice: /etc/vscp/certs/tcpip_client.crt
warning: File listed twice: /etc/vscp/certs/tcpip_client.csr
warning: File listed twice: /etc/vscp/certs/tcpip_client.key
warning: File listed twice: /etc/vscp/certs/tcpip_client.pem
warning: File listed twice: /etc/vscp/certs/tcpip_client.pfx
warning: File listed twice: /etc/vscp/certs/tcpip_server.crt
warning: File listed twice: /etc/vscp/certs/tcpip_server.csr
warning: File listed twice: /etc/vscp/certs/tcpip_server.key
warning: File listed twice: /etc/vscp/certs/tcpip_server.pem
warning: File listed twice: /etc/vscp/certs/tcpip_server.pin
warning: File listed twice: /var/lib/vscp/drivers/level1
warning: File listed twice: /var/lib/vscp/drivers/level2
warning: File listed twice: /var/lib/vscp/mqttvscpd
warning: File listed twice: /var/lib/vscp/mqttvscpd/vscp-hashtypeevents.sqlite3
warning: File listed twice: /var/lib/vscp/mqttvscpd/vscp_events.sqlite3
warning: File listed twice: /var/lib/vscp/web/html/css
warning: File listed twice: /var/lib/vscp/web/html/images
warning: File listed twice: /var/lib/vscp/web/html/js
warning: File listed twice: /var/log/vscp
+ umask 022
+ cd /home/runner/work/vscp-mqtt-daemon/vscp-mqtt-daemon/_CPack_Packages/Linux/RPM/BUILD
+ RPM_EC=0
+ jobs -p
+ exit 0
+ umask 022
+ cd /home/runner/work/vscp-mqtt-daemon/vscp-mqtt-daemon/_CPack_Packages/Linux/RPM/BUILD
+ RPM_EC=0
+ jobs -p
+ exit 0
    File listed twice: /etc/vscp/certs
    File listed twice: /etc/vscp/certs/README.md
    File listed twice: /etc/vscp/certs/client.crt
    File listed twice: /etc/vscp/certs/client.csr
    File listed twice: /etc/vscp/certs/client.key
    File listed twice: /etc/vscp/certs/client.pem
    File listed twice: /etc/vscp/certs/client.pfx
    File listed twice: /etc/vscp/certs/make_certs.bat
    File listed twice: /etc/vscp/certs/make_certs.sh
    File listed twice: /etc/vscp/certs/server.crt
    File listed twice: /etc/vscp/certs/server.csr
    File listed twice: /etc/vscp/certs/server.key
    File listed twice: /etc/vscp/certs/server.pem
    File listed twice: /etc/vscp/certs/server.pin
    File listed twice: /etc/vscp/certs/server_bkup.crt
    File listed twice: /etc/vscp/certs/server_bkup.csr
    File listed twice: /etc/vscp/certs/server_bkup.key
    File listed twice: /etc/vscp/certs/server_bkup.pem
    File listed twice: /etc/vscp/certs/server_bkup.pin
    File listed twice: /etc/vscp/certs/tcpip_client.crt
    File listed twice: /etc/vscp/certs/tcpip_client.csr
    File listed twice: /etc/vscp/certs/tcpip_client.key
    File listed twice: /etc/vscp/certs/tcpip_client.pem
    File listed twice: /etc/vscp/certs/tcpip_client.pfx
    File listed twice: /etc/vscp/certs/tcpip_server.crt
    File listed twice: /etc/vscp/certs/tcpip_server.csr
    File listed twice: /etc/vscp/certs/tcpip_server.key
    File listed twice: /etc/vscp/certs/tcpip_server.pem
    File listed twice: /etc/vscp/certs/tcpip_server.pin
    File listed twice: /var/lib/vscp/drivers/level1
    File listed twice: /var/lib/vscp/drivers/level2
    File listed twice: /var/lib/vscp/mqttvscpd
    File listed twice: /var/lib/vscp/mqttvscpd/vscp-hashtypeevents.sqlite3
    File listed twice: /var/lib/vscp/mqttvscpd/vscp_events.sqlite3
    File listed twice: /var/lib/vscp/web/html/css
    File listed twice: /var/lib/vscp/web/html/images
    File listed twice: /var/lib/vscp/web/html/js
    File listed twice: /var/log/vscp
